// Jest Snapshot v1, https://goo.gl/fbAQLP

exports[`ShippingBadge Snapshot renders default 1`] = `null`;
